Traceback (most recent call last):
  File "C:\Users\Ted\OneDrive\Desktop\improv-card-game\github\improv-card-game\.checkpoint-work\native-standing-coach-window-003-batch-002-part-001-retry-01.py", line 100, in <module>
    page.click(nudge(KEYS[0]));selected=verify_dialog(page,KEYS[0],width,another=policy!='nudges')
                                        ~~~~~~~~~~~~~^^^^^^^^^^^^^^^^^^^^^^^^^^^^^^^^^^^^^^^^^^^^^
  File "C:\Users\Ted\OneDrive\Desktop\improv-card-game\github\improv-card-game\.checkpoint-work\native-standing-coach-window-003-batch-002-part-001-retry-01.py", line 53, in verify_dialog
    else:expect(page.locator('#anotherHintAngleButton')).to_be_hidden()
         ~~~~~~~~~~~~~~~~~~~~~~~~~~~~~~~~~~~~~~~~~~~~~~~~~~~~~~~~~~~~^^
  File "C:\Users\Ted\OneDrive\Desktop\improv-card-game\github\improv-card-game\.checkpoint-work\preview4\python\playwright\sync_api\_generated.py", line 23269, in to_be_hidden
    self._sync(self._impl_obj.to_be_hidden(timeout=to_milliseconds(timeout)))
    ~~~~~~~~~~^^^^^^^^^^^^^^^^^^^^^^^^^^^^^^^^^^^^^^^^^^^^^^^^^^^^^^^^^^^^^^^
  File "C:\Users\Ted\OneDrive\Desktop\improv-card-game\github\improv-card-game\.checkpoint-work\preview4\python\playwright\_impl\_sync_base.py", line 115, in _sync
    return task.result()
           ~~~~~~~~~~~^^
  File "C:\Users\Ted\OneDrive\Desktop\improv-card-game\github\improv-card-game\.checkpoint-work\preview4\python\playwright\_impl\_assertions.py", line 828, in to_be_hidden
    await self._expect_impl(
    ...<5 lines>...
    )
  File "C:\Users\Ted\OneDrive\Desktop\improv-card-game\github\improv-card-game\.checkpoint-work\preview4\python\playwright\_impl\_assertions.py", line 128, in _expect_impl
    _record_soft_or_raise(
    ~~~~~~~~~~~~~~~~~~~~~^
        AssertionError(
        ^^^^^^^^^^^^^^^
    ...<2 lines>...
        self._is_soft,
        ^^^^^^^^^^^^^^
    )
    ^
  File "C:\Users\Ted\OneDrive\Desktop\improv-card-game\github\improv-card-game\.checkpoint-work\preview4\python\playwright\_impl\_assertions.py", line 60, in _record_soft_or_raise
    raise error
AssertionError: Locator expected to be hidden
Actual value: visible 
Call log:
  - Expect "to_be_hidden" with timeout 5000ms
  - waiting for locator("#anotherHintAngleButton")
    14 × locator resolved to <button type="button" class="secondary-button" id="anotherHintAngleButton">Another scene</button>
       - unexpected value "visible"

Aria snapshot:
- button "Another scene"
