server-started 11868
reader-state S101 320 true
reader-state S101 320 false
reader-state S102 320 true
reader-state S102 320 true
reader-state S103 320 true
reader-state S103 320 false
reader-state S104 320 true
reader-state S104 320 true
reader-state S105 320 true
reader-state S105 320 true
reader-state S106 320 true
reader-state S106 320 true
reader-state S107 320 true
reader-state S107 320 true
reader-state S108 320 true
reader-state S108 320 true
reader-state S109 320 true
reader-state S109 320 true
reader-state S110 320 true
reader-state S110 320 true
Native batch viewport passed: 320
reader-state S101 320 true
reader-state S101 320 true
reader-state S101 412 true
reader-state S101 412 true
reader-state S102 412 true
reader-state S102 412 true
reader-state S103 412 true
reader-state S103 412 true
reader-state S104 412 true
reader-state S104 412 true
reader-state S105 412 true
reader-state S105 412 true
reader-state S106 412 true
reader-state S106 412 true
reader-state S107 412 true
reader-state S107 412 true
reader-state S108 412 true
reader-state S108 412 true
reader-state S109 412 true
reader-state S109 412 false
reader-state S110 412 true
reader-state S110 412 true
Native batch viewport passed: 412
service-worker-ready-start
reader-state S110 412 true
reader-state S110 412 false
reader-state S101 412 true
reader-state S101 412 true
reader-state S101 1280 true
reader-state S101 1280 true
reader-state S102 1280 true
reader-state S102 1280 true
reader-state S103 1280 true
reader-state S103 1280 true
reader-state S104 1280 true
reader-state S104 1280 true
reader-state S105 1280 true
reader-state S105 1280 true
reader-state S106 1280 true
reader-state S106 1280 true
reader-state S107 1280 true
reader-state S107 1280 true
reader-state S108 1280 true
reader-state S108 1280 false
reader-state S109 1280 true
reader-state S109 1280 true
reader-state S110 1280 true
reader-state S110 1280 true
Native batch viewport passed: 1280
reader-state S101 1280 true
reader-state S101 1280 true
PASS: 78 native checks
