server-started 63756
reader-state S121 320 true
reader-state S121 320 true
reader-state S122 320 true
reader-state S122 320 false
reader-state S123 320 true
reader-state S123 320 false
reader-state S124 320 true
reader-state S124 320 true
reader-state S125 320 true
reader-state S125 320 false
reader-state S126 320 true
reader-state S126 320 true
reader-state S127 320 true
reader-state S127 320 true
reader-state S128 320 true
reader-state S128 320 false
reader-state S129 320 true
reader-state S129 320 false
Native batch viewport passed: 320
reader-state S121 320 true
reader-state S121 320 true
reader-state S121 412 true
reader-state S121 412 true
reader-state S122 412 true
reader-state S122 412 false
reader-state S123 412 true
reader-state S123 412 true
reader-state S124 412 true
reader-state S124 412 true
reader-state S125 412 true
reader-state S125 412 false
reader-state S126 412 true
reader-state S126 412 false
reader-state S127 412 true
reader-state S127 412 true
reader-state S128 412 true
reader-state S128 412 true
reader-state S129 412 true
reader-state S129 412 true
Native batch viewport passed: 412
service-worker-ready-start
reader-state S129 412 true
reader-state S129 412 true
reader-state S121 412 true
reader-state S121 412 true
reader-state S121 1280 true
reader-state S121 1280 true
reader-state S122 1280 true
reader-state S122 1280 true
reader-state S123 1280 true
reader-state S123 1280 false
reader-state S124 1280 true
reader-state S124 1280 true
reader-state S125 1280 true
reader-state S125 1280 true
reader-state S126 1280 true
reader-state S126 1280 true
reader-state S127 1280 true
reader-state S127 1280 false
reader-state S128 1280 true
reader-state S128 1280 true
reader-state S129 1280 true
reader-state S129 1280 false
Native batch viewport passed: 1280
reader-state S121 1280 true
reader-state S121 1280 true
PASS: 72 native checks
