Traceback (most recent call last):
  File "C:\Users\Ted\OneDrive\Desktop\improv-card-game\github\improv-card-game\.checkpoint-work\native-standing-coach-window-004-batch-003-part-001.py", line 77, in <module>
    seed(page,key)
    ~~~~^^^^^^^^^^
  File "C:\Users\Ted\OneDrive\Desktop\improv-card-game\github\improv-card-game\.checkpoint-work\native-standing-coach-window-004-batch-003-part-001.py", line 32, in seed
    page.click('#enterButton');page.click('#startSessionButton');page.click('#stanceCard');page.click('#driveCard')
                               ~~~~~~~~~~^^^^^^^^^^^^^^^^^^^^^^^
  File "C:\Users\Ted\OneDrive\Desktop\improv-card-game\github\improv-card-game\.checkpoint-work\preview4\python\playwright\sync_api\_generated.py", line 11065, in click
    self._sync(
    ~~~~~~~~~~^
        self._impl_obj.click(
        ^^^^^^^^^^^^^^^^^^^^^
    ...<12 lines>...
        )
        ^
    )
    ^
  File "C:\Users\Ted\OneDrive\Desktop\improv-card-game\github\improv-card-game\.checkpoint-work\preview4\python\playwright\_impl\_sync_base.py", line 115, in _sync
    return task.result()
           ~~~~~~~~~~~^^
  File "C:\Users\Ted\OneDrive\Desktop\improv-card-game\github\improv-card-game\.checkpoint-work\preview4\python\playwright\_impl\_page.py", line 887, in click
    return await self._main_frame._click(**locals_to_params(locals()))
           ^^^^^^^^^^^^^^^^^^^^^^^^^^^^^^^^^^^^^^^^^^^^^^^^^^^^^^^^^^^
  File "C:\Users\Ted\OneDrive\Desktop\improv-card-game\github\improv-card-game\.checkpoint-work\preview4\python\playwright\_impl\_frame.py", line 593, in _click
    await self._channel.send("click", self._timeout, locals_to_params(locals()))
  File "C:\Users\Ted\OneDrive\Desktop\improv-card-game\github\improv-card-game\.checkpoint-work\preview4\python\playwright\_impl\_connection.py", line 76, in send
    return await self._connection.wrap_api_call(
           ^^^^^^^^^^^^^^^^^^^^^^^^^^^^^^^^^^^^^
    ...<3 lines>...
    )
    ^
  File "C:\Users\Ted\OneDrive\Desktop\improv-card-game\github\improv-card-game\.checkpoint-work\preview4\python\playwright\_impl\_connection.py", line 632, in wrap_api_call
    raise rewrite_error(error, f"{parsed_st['apiName']}: {error}") from None
playwright._impl._errors.TimeoutError: Page.click: Timeout 30000ms exceeded.
Call log:
  - waiting for locator("#startSessionButton")
    - locator resolved to <button type="button" id="startSessionButton" class="menu-option menu-option-primary">…</button>
  - attempting click action
    2 × waiting for element to be visible, enabled and stable
      - element is not stable
    - retrying click action
    - waiting 20ms

