server-started 28692
reader-state S112 320 true
reader-state S112 320 false
reader-state S113 320 true
reader-state S113 320 false
reader-state S114 320 true
reader-state S114 320 false
reader-state S115 320 true
reader-state S115 320 false
reader-state S116 320 true
reader-state S116 320 false
reader-state S117 320 true
reader-state S117 320 false
reader-state S119 320 true
reader-state S119 320 false
reader-state S120 320 true
reader-state S120 320 false
Native batch viewport passed: 320
reader-state S112 320 true
reader-state S112 320 true
reader-state S112 412 true
reader-state S112 412 false
reader-state S113 412 true
reader-state S113 412 true
reader-state S114 412 true
reader-state S114 412 false
reader-state S115 412 true
reader-state S115 412 false
reader-state S116 412 true
reader-state S116 412 false
reader-state S117 412 true
reader-state S117 412 false
reader-state S119 412 true
reader-state S119 412 false
reader-state S120 412 true
reader-state S120 412 false
Native batch viewport passed: 412
service-worker-ready-start
reader-state S120 412 true
reader-state S120 412 false
reader-state S112 412 true
reader-state S112 412 true
reader-state S112 1280 true
reader-state S112 1280 false
reader-state S113 1280 true
reader-state S113 1280 false
reader-state S114 1280 true
reader-state S114 1280 false
reader-state S115 1280 true
reader-state S115 1280 false
reader-state S116 1280 true
reader-state S116 1280 false
reader-state S117 1280 true
reader-state S117 1280 false
reader-state S119 1280 true
reader-state S119 1280 false
reader-state S120 1280 true
reader-state S120 1280 true
Native batch viewport passed: 1280
reader-state S112 1280 true
reader-state S112 1280 true
PASS: 66 native checks
