server-started 49308
server-ready
browser-launch
browser-ready
page-goto 320
scene-start S81 320
scene-start S82 320
scene-start S83 320
scene-start S84 320
scene-start S85 320
scene-start S86 320
scene-start S87 320
scene-start S88 320
scene-start S89 320
scene-start S90 320
Native batch viewport passed: 320
page-goto 412
scene-start S81 412
scene-start S82 412
scene-start S83 412
scene-start S84 412
scene-start S85 412
scene-start S86 412
scene-start S87 412
scene-start S88 412
scene-start S89 412
scene-start S90 412
Native batch viewport passed: 412
service-worker-ready-start
{'controller': True, 'registrations': [{'scope': 'http://127.0.0.1:56263/', 'active': 'activated', 'installing': None, 'waiting': None}]}
offline-start
page-goto 1280
scene-start S81 1280
scene-start S82 1280
scene-start S83 1280
scene-start S84 1280
scene-start S85 1280
scene-start S86 1280
scene-start S87 1280
scene-start S88 1280
scene-start S89 1280
scene-start S90 1280
Native batch viewport passed: 1280
PASS: 78 native checks
