
> imprompt-improv-card-game@0.24.0 audit:all
> npm run audit:cards && npm run audit:editorial && npm run audit:examples


> imprompt-improv-card-game@0.24.0 audit:cards
> node tools/card-audit.js

Imprompt Card Library Audit
===========================
Result: PASS
Available: 240 Stances + 240 Drives across 10 active pack(s)
Pack status: 1 published + 9 playtest (9 staged for live validation)
Target: 240 Stances + 240 Drives across 10 packs
Errors: 0
Warnings: 0

> imprompt-improv-card-game@0.24.0 audit:editorial
> node tools/editorial-audit.js

Imprompt Editorial Readiness Audit
==================================
Result: PASS
Revisions: 24 semantic + 4 title generalizations
Overlap clusters: 23/23 internally resolved
Amber review: 20/20 subthemes, 1200 structured pairings
Subtheme matrix: 48/48 internally ready for live validation
Publication staging: 9/9 packs across 3 waves
Errors: 0
Warnings: 0

> imprompt-improv-card-game@0.24.0 audit:examples
> node tools/audit-examples.cjs

{
  "result": "PASS",
  "checks": "Complete 480-card and 57,600-pair coverage; turn order; real gzip bytes and hashes; exact card revisions and authored-seed references; text format and length; unique alternatives. These are structural tests, not a semantic-quality certification.",
  "singleCards": 480,
  "exactPairs": 57600,
  "examples": 116160,
  "formats": {
    "ABA": 58560,
    "ABABA": 57600
  },
  "provenance": {
    "authored-single": 960,
    "composed-from-authored-scenes": 115150,
    "authored-pair": 50
  },
  "maxWords": 86,
  "compressedBytes": 9890979,
  "plainBytes": 68902396,
  "wordCounts": {
    "ABA": {
      "count": 58560,
      "median": 52,
      "max": 71
    },
    "ABABA": {
      "count": 57600,
      "median": 67,
      "max": 86
    }
  },
  "independentHumanOrLiveReview": false
}
