
> imprompt-improv-card-game@0.25.0 audit:all
> npm run audit:cards && npm run audit:editorial && npm run audit:examples && npm run audit:dialogue


> imprompt-improv-card-game@0.25.0 audit:cards
> node tools/card-audit.js

Imprompt Card Library Audit
===========================
Result: PASS
Available: 240 Stances + 240 Drives across 10 active pack(s)
Pack status: 1 published + 9 playtest (9 staged for live validation)
Target: 240 Stances + 240 Drives across 10 packs
Errors: 0
Warnings: 0

> imprompt-improv-card-game@0.25.0 audit:editorial
> node tools/editorial-audit.js

Imprompt Editorial Readiness Audit
==================================
Result: PASS
Revisions: 24 semantic + 4 title generalizations
Overlap clusters: 23/23 internally resolved
Amber review: 20/20 subthemes, 1200 structured pairings
Subtheme matrix: 48/48 internally ready for live validation
Publication staging: 9/9 packs across 3 waves
Errors: 0
Warnings: 0

> imprompt-improv-card-game@0.25.0 audit:examples
> node tools/audit-examples.cjs

{
  "result": "PASS",
  "checks": "Complete 480-card and 57,600-pair coverage; turn order; five spoken turns without stage blocks; real gzip bytes and hashes; exact card revisions and authored-seed references; text format and length; unique alternatives. These are structural tests, not a semantic-quality certification.",
  "singleCards": 480,
  "exactPairs": 57600,
  "examples": 116160,
  "formats": {
    "ABABA": 116160
  },
  "provenance": {
    "authored-single": 960,
    "composed-from-authored-scenes": 115150,
    "authored-pair": 50
  },
  "maxWords": 79,
  "compressedBytes": 12345859,
  "plainBytes": 72825267,
  "wordCounts": {
    "ABABA": {
      "count": 116160,
      "median": 51,
      "max": 79
    }
  },
  "singleWordStats": {
    "count": 960,
    "min": 24,
    "median": 36,
    "max": 57
  },
  "pairWordStats": {
    "count": 115200,
    "min": 32,
    "median": 51,
    "max": 79
  },
  "reviewScope": {
    "singles": "960 rewritten and internally reviewed; no independent live test",
    "bespokePairs": "50 rewritten and internally reviewed",
    "compiledPairs": "format-checked drafts, not individually reviewed"
  },
  "independentHumanOrLiveReview": false
}

> imprompt-improv-card-game@0.25.0 audit:dialogue
> node tools/dialogue-audit.cjs

{
  "result": "PASS",
  "meaning": "Coverage, exact source bindings, rewrite ledger, uniqueness and form checks. Not an automated score for humour, logic or playability.",
  "cards": 480,
  "rewrittenSingleScenes": 960,
  "spokenTurnsPerScene": 5,
  "stageBlocks": 0,
  "medianWords": 36,
  "maximumWords": 57,
  "uniqueOpenings": 960,
  "reviewedBespokePairScenes": 50,
  "compiledPairScenesPendingIndividualReview": 115150,
  "editorialPass": "Internal model-authored rewrite with card-specific rationale",
  "independentHumanReview": false,
  "physicalTroupeTest": false
}
