{
  "result": "PASS",
  "checks": "Complete 480-card and 57,600-pair coverage; turn order; real gzip bytes and hashes; exact card revisions and authored-seed references; text format and length; unique alternatives. These are structural tests, not a semantic-quality certification.",
  "singleCards": 480,
  "exactPairs": 57600,
  "examples": 116160,
  "formats": {
    "ABA": 58560,
    "ABABA": 57600
  },
  "provenance": {
    "authored-single": 960,
    "composed-from-authored-scenes": 115150,
    "authored-pair": 50
  },
  "maxWords": 86,
  "compressedBytes": 9890979,
  "plainBytes": 68902396,
  "wordCounts": {
    "ABA": {
      "count": 58560,
      "median": 52,
      "max": 71
    },
    "ABABA": {
      "count": 57600,
      "median": 67,
      "max": 86
    }
  },
  "independentHumanOrLiveReview": false
}
