✔ campaign time is cumulative across queues and overhead; a new queue never renews it (26.4679ms)
✔ next window skips completed and exception keys, keeps exact hashes, and stays capped at five batches (799.8868ms)
✔ unfinished queues cannot be skipped and exhausted time creates no next window (252.3587ms)
✔ explicit recovery allowance preserves exhausted history and never renews on resume (2.3344ms)
✔ allowance bounds and historical time rollback are rejected (1.5214ms)
✔ a later explicit time grant preserves the already verified delivery gate without redoing completed work (0.683ms)
✔ provenance repair changes only the two declared metadata strings (6.1778ms)
✔ binding recovery cannot clear an unresolved dialogue or another binding (446.8182ms)
✔ replays the exact S41-b and S44-a short-label failures without changing dialogue (140.8361ms)
✔ reopened earlier work precedes the later interrupted queue and reserves checkpoint time (53.7079ms)
✔ an explicit technical recovery does not add editorial correction rounds (227.5723ms)
✔ metadata-only correction rejects dialogue or first-pass changes (587.3632ms)
✔ S43 recovery changes only the demonstrated a provenance mismatch and refuses other scope (78.3322ms)
✔ interrupted phase recovery preserves failures and allows only the uncompleted correction (120.469ms)
✔ accepted but unapplied groups remain resumable ahead of later queues (1.3927ms)
✔ release filtering excludes redundant snapshots and binaries while preserving validation logs (157.7373ms)
{"batch":"batch-001","status":"complete","completion":"editorial/local-fixture-batch-001/completion.json"}
{"batch":"batch-002","status":"complete","completion":"editorial/local-fixture-batch-002/completion.json"}
{"batch":"batch-001","status":"complete","completion":"editorial/local-fixture-batch-001/completion.json"}
{"batch":"batch-002","status":"complete","completion":"editorial/local-fixture-batch-002/completion.json"}
