✔ all hints are policy-gated before any worker starts (6.3989ms)
✔ only selected card fields enter request; no deck, notes or unrevealed hand (16.5236ms)
✔ shuffle bag exhausts examples before repeats and avoids a cycle-boundary repeat (12.8244ms)
✔ worker performs real gzip decompression, JSON parsing and SHA-256 checks (4837.5633ms)
✔ exact paired fixture, with both cards, not two generic instructions (1164.7906ms)
✔ changed instruction or version cannot silently retrieve stale examples (995.1721ms)
✔ a cached selected pair is available with simulated network disabled (2065.0132ms)
✔ missing offline pair gives an explicit error, not a generic fallback (322.9168ms)
✔ older-browser plain JSON fallback uses identical examples (1627.7841ms)
✔ entire dataset installs, resumes without downloads, and reports only saved files (97210.219ms)
✔ corrupt cached partition is evicted then repaired, never displayed (821.1398ms)
✔ invalid cached file plus offline network is explicit, not silently accepted (36.3505ms)
✔ storage disabled still permits online reading but rejects offline-install claim (157.4619ms)
✔ worker bounds parsed pair partitions rather than retaining full corpus (3127.8158ms)
✔ clearing examples targets only current library, not old model or unrelated caches (874.0326ms)
✔ deployment has no model-loading runtime and keeps request-specific data out of sharing (138.29ms)
✔ current app, worker, manifest and offline shell use the same dataset-derived asset address (93.1633ms)
✔ campaign time is cumulative across queues and overhead; a new queue never renews it (18.5624ms)
✔ next window skips completed and exception keys, keeps exact hashes, and stays capped at five batches (2647.8684ms)
✔ unfinished queues cannot be skipped and exhausted time creates no next window (1231.1626ms)
✔ explicit recovery allowance preserves exhausted history and never renews on resume (146.2722ms)
✔ allowance bounds and historical time rollback are rejected (110.1405ms)
✔ a later explicit time grant preserves the already verified delivery gate without redoing completed work (7.0934ms)
✔ provenance repair changes only the two declared metadata strings (197.7425ms)
✔ binding recovery cannot clear an unresolved dialogue or another binding (411.9958ms)
✔ replays the exact S41-b and S44-a short-label failures without changing dialogue (96.8302ms)
✔ reopened earlier work precedes the later interrupted queue and reserves checkpoint time (57.9151ms)
✔ an explicit technical recovery does not add editorial correction rounds (114.1515ms)
✔ metadata-only correction rejects dialogue or first-pass changes (480.9499ms)
✔ S43 recovery changes only the demonstrated a provenance mismatch and refuses other scope (26.7071ms)
{"batch":"batch-001","status":"complete","completion":"editorial/local-fixture-batch-001/completion.json"}
{"batch":"batch-002","status":"complete","completion":"editorial/local-fixture-batch-002/completion.json"}
{"batch":"batch-001","status":"complete","completion":"editorial/local-fixture-batch-001/completion.json"}
{"batch":"batch-002","status":"complete","completion":"editorial/local-fixture-batch-002/completion.json"}
✔ explicit fixture accepts exact original and a separate rubric-matched reread (87.7104ms)
✔ reviewer input contains exact cards and dialogue, without writer assessments (34.6271ms)
✔ optimistic acceptance, empty gates, stale hashes, duplicate and missing scenes fail closed (46.0775ms)
✔ weak model review remains pending despite valid artifact and process success (4.5049ms)
✔ retaining a weak original, stage directions and invented scene IDs are rejected (5.6933ms)
✔ previously completed alternative is reference-only and never assigned to workers (3.1501ms)
✔ interrupted integration resumes exact writes and refuses concurrent unrelated changes (5142.5756ms)
✔ transaction refuses changes to playable cards and preserves pre-existing work (1749.9356ms)
✔ one live integration lock prevents a second runner or unsafe recovery (975.2594ms)
✔ worker success without an output artifact is insufficient (650.8849ms)
✔ saved worker proof resumes without another invocation; tampering stops reuse (2682.8633ms)
✔ unproven interrupted output and tool-using reviewer are never accepted (923.3751ms)
✔ queue bounds, explicit IDs and completed hashes come from fixtures, not release assumptions (2488.614ms)
✔ two-batch fixture stops after current, checkpoints one revision, resumes without redoing completed work (20121.0322ms)
✔ fixture rejected second passes exhaust bounded retries without canonical edits or advancement (1824.1724ms)
✔ failed fixture validation never integrates optimistic accepted reviews (3173.0018ms)
✔ queue follows exporter stance-before-drive order, not JSON object insertion order (290.7914ms)
✔ a conservative second-pass rejection is allowed without inflating scores (1.0622ms)
✔ actual failed writer excerpts retain strict citations and derive only arithmetic with provenance (34.1927ms)
✔ a persisted batch boundary blocks later batches on repeated resume (5334.4291ms)
✔ processing failures report stage and paths without declaring all scenes editorial failures (1707.1797ms)
✔ derived totals preserve raw evidence and detect any subsequent rating mutation (133.7587ms)
✔ explicit recovery preserves exhausted attempts and budgets, checks evidence, and copies proven drafts (2374.7335ms)
✔ authorized model context excludes unrelated repository files and preserves accepted correction work (5.6378ms)
✔ real recover-batch CLI entry exports the lock before synchronous recovery dispatch (4420.1829ms)
✔ partial fresh review carries only accepted unchanged scenes and preserves rejection (4.7717ms)
✔ carried review verification traces both raw invocations and rejects altered provenance (1911.2513ms)
✔ recovery allowance stays bounded without resetting original attempt limits (398.5133ms)
✔ separate editorial allowance targets only prior rejections and never changes original budget (320.4578ms)
✔ two targeted review rounds retain a verified earlier reuse chain and reject stale ancestors (2305.649ms)
✔ normal editorial policy separates technical failures and two corrections without resetting budgets (3.2691ms)
✔ normal corrections preserve accepted reviews, stage exceptions and continue the next independent batch (11325.2288ms)
✔ atomic queue save retries transient Windows sharing errors without deleting the checkpoint (612.1572ms)
✔ writer contract explains unchanged description gate and reports the exact failing scene (1.887ms)
✔ binding context includes only exact referenced seeds and their card instructions (977.2575ms)
✔ binding-only rejection saves accepted scenes without another editorial call (1.1362ms)
✔ paused checkpoint still rejects any source drift and releases its lock (777.4288ms)
✔ an actual CLI usage-limit error is non-isolatable and preserves its process logs (227.9558ms)
✔ non-isolatable worker limits stop before any retry or later batch (1539.0861ms)
✔ per-example selection keeps accepted companion, blocks only affected bindings, and never accepts a rejection (100.6556ms)
✔ mixed-result atomic integration recovers interruption without changing rejected text or claiming batch completion (5071.5617ms)
✔ accepted retention integrates its evidence without rewriting either dialogue (4746.6008ms)
ℹ tests 72
ℹ suites 0
ℹ pass 72
ℹ fail 0
ℹ cancelled 0
ℹ skipped 0
ℹ todo 0
ℹ duration_ms 116830.4826
