{
  "progress": {
    "singlesReviewed": 154,
    "singlesTotal": 960,
    "pairsReviewed": 10,
    "pairsTotal": 115200
  },
  "newlyAccepted": 0,
  "revisions": 29,
  "retentions": 5,
  "staged": 22,
  "unresolved": 4,
  "neverStarted": 780,
  "interrupted": 1,
  "dataset": {
    "total": 116160,
    "revised": 29,
    "unchanged": 116131,
    "dependentReferences": 6960,
    "mechanicallyChangedPairDialogue": 0,
    "otherRecordChanges": 0,
    "transferBindingRecords": 17,
    "pairSourceChanges": 0
  },
  "usage": {},
  "wallMinutes": 179.29808333333332
}
